// Jest Snapshot v1, https://goo.gl/fbAQLP

exports[`ArticleList tests renders correctly with articles 1`] = `
<div>
  <img
    alt="the title"
    class="image"
    src="https://cdn.cnn.com/cnnnext/dam/assets/181122102925-statue-of-liberty-crown-super-169.jpg"
  />
</div>
`;
